10.0.0.20 - - [14/Mar/2026:06:00:05 +0000] "GET / HTTP/1.1" 200 1532 "-" "Mozilla/5.0 (Windows NT 10.0; Win64; x64) AppleWebKit/537.36 (KHTML, like Gecko) Chrome/122.0.0.0 Safari/537.36"
10.0.0.10 - alice [14/Mar/2026:06:02:11 +0000] "GET /dashboard HTTP/1.1" 200 4821 "http://webserver/" "Mozilla/5.0 (Windows NT 10.0; Win64; x64) AppleWebKit/537.36"
10.0.0.12 - bob [14/Mar/2026:06:05:33 +0000] "GET /static/css/main.css HTTP/1.1" 200 8192 "http://webserver/dashboard" "Mozilla/5.0 (Windows NT 10.0; Win64; x64; rv:124.0) Gecko/20100101 Firefox/124.0"
10.0.0.20 - - [14/Mar/2026:06:08:02 +0000] "POST /api/login HTTP/1.1" 200 312 "http://webserver/" "Mozilla/5.0 (Windows NT 10.0; Win64; x64) AppleWebKit/537.36"
10.0.0.5 - devops [14/Mar/2026:06:10:44 +0000] "GET /admin HTTP/1.1" 200 9241 "-" "Mozilla/5.0 (X11; Linux x86_64) AppleWebKit/537.36"
10.0.0.22 - dave [14/Mar/2026:06:15:12 +0000] "GET /reports HTTP/1.1" 200 3412 "http://webserver/dashboard" "Mozilla/5.0 (Windows NT 10.0; Win64; x64) AppleWebKit/537.36"
172.16.0.50 - - [14/Mar/2026:06:20:01 +0000] "GET /api/status HTTP/1.1" 200 128 "-" "python-requests/2.31.0"
10.0.0.10 - alice [14/Mar/2026:06:22:55 +0000] "POST /api/upload HTTP/1.1" 200 512 "http://webserver/dashboard" "Mozilla/5.0 (Windows NT 10.0; Win64; x64) AppleWebKit/537.36"
10.0.0.20 - - [14/Mar/2026:06:25:33 +0000] "GET /index.html HTTP/1.1" 200 1532 "-" "Mozilla/5.0 (iPhone; CPU iPhone OS 17_0 like Mac OS X) AppleWebKit/605.1.15"
10.0.0.12 - bob [14/Mar/2026:06:30:00 +0000] "GET /static/js/app.js HTTP/1.1" 304 - "http://webserver/dashboard" "Mozilla/5.0 (Windows NT 10.0; Win64; x64; rv:124.0) Gecko/20100101 Firefox/124.0"
10.0.0.5 - devops [14/Mar/2026:06:35:22 +0000] "PUT /api/config HTTP/1.1" 200 256 "-" "curl/8.4.0"
10.0.0.20 - - [14/Mar/2026:06:40:11 +0000] "GET /dashboard HTTP/1.1" 200 4821 "-" "Mozilla/5.0 (Windows NT 10.0; Win64; x64) AppleWebKit/537.36"
10.0.0.10 - alice [14/Mar/2026:06:45:44 +0000] "GET /users HTTP/1.1" 200 6120 "http://webserver/dashboard" "Mozilla/5.0 (Windows NT 10.0; Win64; x64) AppleWebKit/537.36"
172.16.0.50 - - [14/Mar/2026:06:50:00 +0000] "GET /api/health HTTP/1.1" 200 64 "-" "Go-http-client/1.1"
10.0.0.22 - dave [14/Mar/2026:06:55:33 +0000] "GET /logs HTTP/1.1" 200 11432 "http://webserver/dashboard" "Mozilla/5.0 (Windows NT 10.0; Win64; x64) AppleWebKit/537.36"
10.0.0.12 - bob [14/Mar/2026:07:00:01 +0000] "GET / HTTP/1.1" 200 1532 "-" "Mozilla/5.0 (Macintosh; Intel Mac OS X 10_15_7) AppleWebKit/537.36"
10.0.0.20 - - [14/Mar/2026:07:05:22 +0000] "POST /api/login HTTP/1.1" 401 128 "http://webserver/" "Mozilla/5.0 (Windows NT 10.0; Win64; x64) AppleWebKit/537.36"
10.0.0.20 - - [14/Mar/2026:07:05:55 +0000] "POST /api/login HTTP/1.1" 200 312 "http://webserver/" "Mozilla/5.0 (Windows NT 10.0; Win64; x64) AppleWebKit/537.36"
10.0.0.5 - devops [14/Mar/2026:07:10:44 +0000] "GET /admin/settings HTTP/1.1" 200 3241 "http://webserver/admin" "Mozilla/5.0 (X11; Linux x86_64) AppleWebKit/537.36"
10.0.0.10 - alice [14/Mar/2026:07:15:11 +0000] "GET /reports/2026-03 HTTP/1.1" 200 8912 "http://webserver/reports" "Mozilla/5.0 (Windows NT 10.0; Win64; x64) AppleWebKit/537.36"
10.0.0.22 - dave [14/Mar/2026:07:20:33 +0000] "DELETE /api/records/42 HTTP/1.1" 200 64 "-" "Mozilla/5.0 (Windows NT 10.0; Win64; x64) AppleWebKit/537.36"
10.0.0.12 - bob [14/Mar/2026:07:25:00 +0000] "GET /dashboard HTTP/1.1" 200 4821 "http://webserver/" "Mozilla/5.0 (Windows NT 10.0; Win64; x64; rv:124.0) Gecko/20100101 Firefox/124.0"
10.0.0.20 - - [14/Mar/2026:07:30:17 +0000] "GET / HTTP/1.1" 200 1532 "-" "Mozilla/5.0 (Windows NT 10.0; Win64; x64) AppleWebKit/537.36"
10.0.0.5 - devops [14/Mar/2026:07:35:44 +0000] "GET /api/metrics HTTP/1.1" 200 2048 "-" "Prometheus/2.50"
10.0.0.10 - alice [14/Mar/2026:07:45:22 +0000] "POST /api/data HTTP/1.1" 201 512 "http://webserver/dashboard" "Mozilla/5.0 (Windows NT 10.0; Win64; x64) AppleWebKit/537.36"
10.0.0.22 - dave [14/Mar/2026:07:55:00 +0000] "GET /reports HTTP/1.1" 200 3412 "http://webserver/dashboard" "Mozilla/5.0 (Windows NT 10.0; Win64; x64) AppleWebKit/537.36"
198.51.100.22 - - [14/Mar/2026:08:00:01 +0000] "GET / HTTP/1.1" 200 1532 "-" "Nikto/2.1.6"
198.51.100.22 - - [14/Mar/2026:08:00:03 +0000] "GET /robots.txt HTTP/1.1" 404 152 "-" "Nikto/2.1.6"
198.51.100.22 - - [14/Mar/2026:08:00:05 +0000] "GET /.git/config HTTP/1.1" 403 128 "-" "Nikto/2.1.6"
198.51.100.22 - - [14/Mar/2026:08:00:07 +0000] "GET /.env HTTP/1.1" 403 128 "-" "Nikto/2.1.6"
198.51.100.22 - - [14/Mar/2026:08:00:09 +0000] "GET /etc/passwd HTTP/1.1" 400 256 "-" "Nikto/2.1.6"
198.51.100.22 - - [14/Mar/2026:08:00:11 +0000] "GET /admin/config.php HTTP/1.1" 404 152 "-" "Nikto/2.1.6"
198.51.100.22 - - [14/Mar/2026:08:00:13 +0000] "GET /phpmyadmin/ HTTP/1.1" 404 152 "-" "Nikto/2.1.6"
198.51.100.22 - - [14/Mar/2026:08:00:15 +0000] "GET /wp-admin/ HTTP/1.1" 404 152 "-" "Nikto/2.1.6"
198.51.100.22 - - [14/Mar/2026:08:00:17 +0000] "GET /wp-login.php HTTP/1.1" 404 152 "-" "Nikto/2.1.6"
198.51.100.22 - - [14/Mar/2026:08:00:19 +0000] "GET /xmlrpc.php HTTP/1.1" 404 152 "-" "Nikto/2.1.6"
198.51.100.22 - - [14/Mar/2026:08:00:21 +0000] "GET /backup.zip HTTP/1.1" 404 152 "-" "Nikto/2.1.6"
198.51.100.22 - - [14/Mar/2026:08:00:23 +0000] "GET /db.sql HTTP/1.1" 404 152 "-" "Nikto/2.1.6"
198.51.100.22 - - [14/Mar/2026:08:00:25 +0000] "TRACE / HTTP/1.1" 405 128 "-" "Nikto/2.1.6"
198.51.100.22 - - [14/Mar/2026:08:00:27 +0000] "OPTIONS / HTTP/1.1" 200 64 "-" "Nikto/2.1.6"
198.51.100.22 - - [14/Mar/2026:08:00:29 +0000] "GET /server-status HTTP/1.1" 403 128 "-" "Nikto/2.1.6"
198.51.100.22 - - [14/Mar/2026:08:00:31 +0000] "GET /cgi-bin/test-cgi HTTP/1.1" 404 152 "-" "Nikto/2.1.6"
198.51.100.22 - - [14/Mar/2026:08:00:33 +0000] "GET /cgi-bin/printenv HTTP/1.1" 404 152 "-" "Nikto/2.1.6"
198.51.100.22 - - [14/Mar/2026:08:00:35 +0000] "GET /../../../etc/passwd HTTP/1.1" 400 256 "-" "Nikto/2.1.6"
198.51.100.22 - - [14/Mar/2026:08:00:37 +0000] "GET /admin.php HTTP/1.1" 404 152 "-" "Nikto/2.1.6"
198.51.100.22 - - [14/Mar/2026:08:00:39 +0000] "GET /test.php HTTP/1.1" 404 152 "-" "Nikto/2.1.6"
198.51.100.22 - - [14/Mar/2026:08:00:41 +0000] "GET /info.php HTTP/1.1" 404 152 "-" "Nikto/2.1.6"
198.51.100.22 - - [14/Mar/2026:08:00:43 +0000] "GET /phpinfo.php HTTP/1.1" 404 152 "-" "Nikto/2.1.6"
198.51.100.22 - - [14/Mar/2026:08:00:45 +0000] "GET /.htaccess HTTP/1.1" 403 128 "-" "Nikto/2.1.6"
198.51.100.22 - - [14/Mar/2026:08:00:47 +0000] "GET /.htpasswd HTTP/1.1" 403 128 "-" "Nikto/2.1.6"
198.51.100.22 - - [14/Mar/2026:08:00:49 +0000] "GET /config.php HTTP/1.1" 404 152 "-" "Nikto/2.1.6"
198.51.100.22 - - [14/Mar/2026:08:00:51 +0000] "GET /config.bak HTTP/1.1" 404 152 "-" "Nikto/2.1.6"
198.51.100.22 - - [14/Mar/2026:08:00:53 +0000] "GET /database.yml HTTP/1.1" 404 152 "-" "Nikto/2.1.6"
10.0.0.10 - alice [14/Mar/2026:08:05:00 +0000] "GET /dashboard HTTP/1.1" 200 4821 "http://webserver/" "Mozilla/5.0 (Windows NT 10.0; Win64; x64) AppleWebKit/537.36"
10.0.0.12 - bob [14/Mar/2026:08:10:22 +0000] "GET /reports HTTP/1.1" 200 3412 "http://webserver/dashboard" "Mozilla/5.0 (Windows NT 10.0; Win64; x64; rv:124.0) Gecko/20100101 Firefox/124.0"
10.0.0.5 - devops [14/Mar/2026:08:15:44 +0000] "GET /api/metrics HTTP/1.1" 200 2048 "-" "Prometheus/2.50"
192.0.2.100 - - [14/Mar/2026:08:30:00 +0000] "GET / HTTP/1.1" 200 1532 "-" "DirBuster-1.0-RC1 (http://www.owasp.org/index.php/Category:OWASP_DirBuster_Project)"
192.0.2.100 - - [14/Mar/2026:08:30:02 +0000] "GET /admin HTTP/1.1" 200 9241 "-" "DirBuster-1.0-RC1 (http://www.owasp.org/index.php/Category:OWASP_DirBuster_Project)"
192.0.2.100 - - [14/Mar/2026:08:30:04 +0000] "GET /login HTTP/1.1" 200 2341 "-" "DirBuster-1.0-RC1 (http://www.owasp.org/index.php/Category:OWASP_DirBuster_Project)"
192.0.2.100 - - [14/Mar/2026:08:30:06 +0000] "GET /api HTTP/1.1" 200 512 "-" "DirBuster-1.0-RC1 (http://www.owasp.org/index.php/Category:OWASP_DirBuster_Project)"
192.0.2.100 - - [14/Mar/2026:08:30:08 +0000] "GET /backup HTTP/1.1" 404 152 "-" "DirBuster-1.0-RC1 (http://www.owasp.org/index.php/Category:OWASP_DirBuster_Project)"
192.0.2.100 - - [14/Mar/2026:08:30:10 +0000] "GET /uploads HTTP/1.1" 404 152 "-" "DirBuster-1.0-RC1 (http://www.owasp.org/index.php/Category:OWASP_DirBuster_Project)"
192.0.2.100 - - [14/Mar/2026:08:30:12 +0000] "GET /images HTTP/1.1" 200 256 "-" "DirBuster-1.0-RC1 (http://www.owasp.org/index.php/Category:OWASP_DirBuster_Project)"
192.0.2.100 - - [14/Mar/2026:08:30:14 +0000] "GET /tmp HTTP/1.1" 404 152 "-" "DirBuster-1.0-RC1 (http://www.owasp.org/index.php/Category:OWASP_DirBuster_Project)"
192.0.2.100 - - [14/Mar/2026:08:30:16 +0000] "GET /old HTTP/1.1" 404 152 "-" "DirBuster-1.0-RC1 (http://www.owasp.org/index.php/Category:OWASP_DirBuster_Project)"
192.0.2.100 - - [14/Mar/2026:08:30:18 +0000] "GET /test HTTP/1.1" 404 152 "-" "DirBuster-1.0-RC1 (http://www.owasp.org/index.php/Category:OWASP_DirBuster_Project)"
192.0.2.100 - - [14/Mar/2026:08:30:20 +0000] "GET /dev HTTP/1.1" 404 152 "-" "DirBuster-1.0-RC1 (http://www.owasp.org/index.php/Category:OWASP_DirBuster_Project)"
192.0.2.100 - - [14/Mar/2026:08:30:22 +0000] "GET /staging HTTP/1.1" 404 152 "-" "DirBuster-1.0-RC1 (http://www.owasp.org/index.php/Category:OWASP_DirBuster_Project)"
192.0.2.100 - - [14/Mar/2026:08:30:24 +0000] "GET /config HTTP/1.1" 403 128 "-" "DirBuster-1.0-RC1 (http://www.owasp.org/index.php/Category:OWASP_DirBuster_Project)"
192.0.2.100 - - [14/Mar/2026:08:30:26 +0000] "GET /private HTTP/1.1" 403 128 "-" "DirBuster-1.0-RC1 (http://www.owasp.org/index.php/Category:OWASP_DirBuster_Project)"
192.0.2.100 - - [14/Mar/2026:08:30:28 +0000] "GET /secret HTTP/1.1" 404 152 "-" "DirBuster-1.0-RC1 (http://www.owasp.org/index.php/Category:OWASP_DirBuster_Project)"
192.0.2.100 - - [14/Mar/2026:08:30:30 +0000] "GET /internal HTTP/1.1" 404 152 "-" "DirBuster-1.0-RC1 (http://www.owasp.org/index.php/Category:OWASP_DirBuster_Project)"
10.0.0.20 - - [14/Mar/2026:08:35:00 +0000] "GET / HTTP/1.1" 200 1532 "-" "Mozilla/5.0 (Windows NT 10.0; Win64; x64) AppleWebKit/537.36"
10.0.0.22 - dave [14/Mar/2026:08:40:11 +0000] "GET /reports HTTP/1.1" 200 3412 "http://webserver/dashboard" "Mozilla/5.0 (Windows NT 10.0; Win64; x64) AppleWebKit/537.36"
10.0.0.10 - alice [14/Mar/2026:08:45:33 +0000] "GET /dashboard HTTP/1.1" 200 4821 "http://webserver/" "Mozilla/5.0 (Windows NT 10.0; Win64; x64) AppleWebKit/537.36"
203.0.113.60 - - [14/Mar/2026:09:00:01 +0000] "GET /search?q=1' UNION SELECT null,username,password FROM users-- HTTP/1.1" 400 256 "-" "sqlmap/1.7.11#stable (https://sqlmap.org)"
203.0.113.60 - - [14/Mar/2026:09:00:03 +0000] "GET /search?q=1 OR 1=1-- HTTP/1.1" 200 8912 "-" "sqlmap/1.7.11#stable (https://sqlmap.org)"
203.0.113.60 - - [14/Mar/2026:09:00:05 +0000] "GET /login?user=admin'-- HTTP/1.1" 401 128 "-" "sqlmap/1.7.11#stable (https://sqlmap.org)"
203.0.113.60 - - [14/Mar/2026:09:00:07 +0000] "GET /api/users?id=1 UNION SELECT table_name FROM information_schema.tables-- HTTP/1.1" 400 256 "-" "sqlmap/1.7.11#stable (https://sqlmap.org)"
203.0.113.60 - - [14/Mar/2026:09:00:09 +0000] "POST /login HTTP/1.1" 401 128 "-" "sqlmap/1.7.11#stable (https://sqlmap.org)"
203.0.113.60 - - [14/Mar/2026:09:00:11 +0000] "GET /api/data?filter=1; DROP TABLE users;-- HTTP/1.1" 400 256 "-" "sqlmap/1.7.11#stable (https://sqlmap.org)"
203.0.113.60 - - [14/Mar/2026:09:00:13 +0000] "GET /search?q=<script>alert(1)</script> HTTP/1.1" 200 8912 "-" "sqlmap/1.7.11#stable (https://sqlmap.org)"
203.0.113.60 - - [14/Mar/2026:09:00:15 +0000] "GET /api/records?id=1 AND SLEEP(5)-- HTTP/1.1" 200 8912 "-" "sqlmap/1.7.11#stable (https://sqlmap.org)"
10.0.0.5 - devops [14/Mar/2026:09:05:00 +0000] "GET /admin HTTP/1.1" 200 9241 "-" "Mozilla/5.0 (X11; Linux x86_64) AppleWebKit/537.36"
10.0.0.12 - bob [14/Mar/2026:09:10:22 +0000] "GET /dashboard HTTP/1.1" 200 4821 "http://webserver/" "Mozilla/5.0 (Windows NT 10.0; Win64; x64; rv:124.0) Gecko/20100101 Firefox/124.0"
10.0.0.10 - alice [14/Mar/2026:09:15:44 +0000] "GET /reports/2026-03 HTTP/1.1" 200 8912 "http://webserver/reports" "Mozilla/5.0 (Windows NT 10.0; Win64; x64) AppleWebKit/537.36"
10.0.0.20 - - [14/Mar/2026:09:20:00 +0000] "GET / HTTP/1.1" 200 1532 "-" "Mozilla/5.0 (Windows NT 10.0; Win64; x64) AppleWebKit/537.36"
10.0.0.22 - dave [14/Mar/2026:09:25:11 +0000] "GET /api/status HTTP/1.1" 200 128 "-" "curl/8.4.0"
10.0.0.12 - bob [14/Mar/2026:09:30:33 +0000] "GET /users HTTP/1.1" 200 6120 "http://webserver/dashboard" "Mozilla/5.0 (Windows NT 10.0; Win64; x64; rv:124.0) Gecko/20100101 Firefox/124.0"
10.0.0.5 - devops [14/Mar/2026:09:35:00 +0000] "PUT /api/config HTTP/1.1" 200 256 "-" "curl/8.4.0"
10.0.0.10 - alice [14/Mar/2026:09:40:22 +0000] "GET /dashboard HTTP/1.1" 200 4821 "http://webserver/" "Mozilla/5.0 (Windows NT 10.0; Win64; x64) AppleWebKit/537.36"
172.16.0.50 - - [14/Mar/2026:09:45:00 +0000] "GET /api/health HTTP/1.1" 200 64 "-" "Go-http-client/1.1"
10.0.0.20 - - [14/Mar/2026:09:50:11 +0000] "GET / HTTP/1.1" 200 1532 "-" "Mozilla/5.0 (Windows NT 10.0; Win64; x64) AppleWebKit/537.36"
10.0.0.22 - dave [14/Mar/2026:09:55:33 +0000] "GET /reports HTTP/1.1" 200 3412 "http://webserver/dashboard" "Mozilla/5.0 (Windows NT 10.0; Win64; x64) AppleWebKit/537.36"
10.0.0.12 - bob [14/Mar/2026:10:00:00 +0000] "GET /dashboard HTTP/1.1" 200 4821 "http://webserver/" "Mozilla/5.0 (Windows NT 10.0; Win64; x64; rv:124.0) Gecko/20100101 Firefox/124.0"
10.0.0.10 - alice [14/Mar/2026:10:05:22 +0000] "POST /api/data HTTP/1.1" 201 512 "http://webserver/dashboard" "Mozilla/5.0 (Windows NT 10.0; Win64; x64) AppleWebKit/537.36"
10.0.0.5 - devops [14/Mar/2026:10:10:44 +0000] "GET /admin/settings HTTP/1.1" 200 3241 "http://webserver/admin" "Mozilla/5.0 (X11; Linux x86_64) AppleWebKit/537.36"
10.0.0.20 - - [14/Mar/2026:10:15:00 +0000] "GET / HTTP/1.1" 200 1532 "-" "Mozilla/5.0 (Windows NT 10.0; Win64; x64) AppleWebKit/537.36"
10.0.0.22 - dave [14/Mar/2026:10:20:11 +0000] "GET /reports/2026-03 HTTP/1.1" 200 8912 "http://webserver/reports" "Mozilla/5.0 (Windows NT 10.0; Win64; x64) AppleWebKit/537.36"
10.0.0.12 - bob [14/Mar/2026:10:25:33 +0000] "GET /static/css/main.css HTTP/1.1" 304 - "http://webserver/dashboard" "Mozilla/5.0 (Windows NT 10.0; Win64; x64; rv:124.0) Gecko/20100101 Firefox/124.0"
10.0.0.10 - alice [14/Mar/2026:10:30:00 +0000] "GET /users HTTP/1.1" 200 6120 "http://webserver/dashboard" "Mozilla/5.0 (Windows NT 10.0; Win64; x64) AppleWebKit/537.36"
10.0.0.5 - devops [14/Mar/2026:10:35:22 +0000] "GET /api/metrics HTTP/1.1" 200 2048 "-" "Prometheus/2.50"
172.16.0.50 - - [14/Mar/2026:10:40:00 +0000] "GET /api/status HTTP/1.1" 200 128 "-" "python-requests/2.31.0"
10.0.0.20 - - [14/Mar/2026:10:45:11 +0000] "GET /dashboard HTTP/1.1" 200 4821 "-" "Mozilla/5.0 (Windows NT 10.0; Win64; x64) AppleWebKit/537.36"
10.0.0.22 - dave [14/Mar/2026:10:50:33 +0000] "DELETE /api/records/55 HTTP/1.1" 200 64 "-" "Mozilla/5.0 (Windows NT 10.0; Win64; x64) AppleWebKit/537.36"
10.0.0.12 - bob [14/Mar/2026:10:55:00 +0000] "GET / HTTP/1.1" 200 1532 "-" "Mozilla/5.0 (Windows NT 10.0; Win64; x64; rv:124.0) Gecko/20100101 Firefox/124.0"
10.0.0.10 - alice [14/Mar/2026:11:00:00 +0000] "GET /dashboard HTTP/1.1" 200 4821 "http://webserver/" "Mozilla/5.0 (Windows NT 10.0; Win64; x64) AppleWebKit/537.36"
